  Determining projects to restore...
  All projects are up-to-date for restore.
E:\main-service-dotnet\Services\Gemini\GeminiService.Models.cs(59,69): error CS0246: The type or namespace name 'AturanDetail' could not be found (are you missing a using directive or an assembly reference?) [E:\main-service-dotnet\main-service.csproj]

Build FAILED.

E:\main-service-dotnet\Services\Gemini\GeminiService.Models.cs(59,69): error CS0246: The type or namespace name 'AturanDetail' could not be found (are you missing a using directive or an assembly reference?) [E:\main-service-dotnet\main-service.csproj]
    0 Warning(s)
    1 Error(s)

Time Elapsed 00:00:02.20
