  Determining projects to restore...
  All projects are up-to-date for restore.
E:\main-service-dotnet\Services\DocxExtraction\TableStyleResolver.cs(224,36): error CS0029: Cannot implicitly convert type 'DocumentFormat.OpenXml.Wordprocessing.StyleTableProperties' to 'DocumentFormat.OpenXml.Wordprocessing.TableProperties' [E:\main-service-dotnet\main-service.csproj]
E:\main-service-dotnet\Services\DocxExtraction\TableStyleResolver.cs(226,35): error CS0029: Cannot implicitly convert type 'DocumentFormat.OpenXml.Wordprocessing.StyleTableCellProperties' to 'DocumentFormat.OpenXml.Wordprocessing.TableCellProperties' [E:\main-service-dotnet\main-service.csproj]
E:\main-service-dotnet\Services\DocxExtraction\TableStyleResolver.cs(237,25): error CS0029: Cannot implicitly convert type 'DocumentFormat.OpenXml.Wordprocessing.StyleTableProperties' to 'DocumentFormat.OpenXml.Wordprocessing.TableProperties' [E:\main-service-dotnet\main-service.csproj]
E:\main-service-dotnet\Services\DocxExtraction\TableStyleResolver.cs(239,24): error CS0029: Cannot implicitly convert type 'DocumentFormat.OpenXml.Wordprocessing.StyleTableCellProperties' to 'DocumentFormat.OpenXml.Wordprocessing.TableCellProperties' [E:\main-service-dotnet\main-service.csproj]
E:\main-service-dotnet\Services\DocxExtraction\ParagraphFormatExtractor.cs(198,58): warning CS8602: Dereference of a possibly null reference. [E:\main-service-dotnet\main-service.csproj]
E:\main-service-dotnet\Services\DocxExtraction\ParagraphFormatExtractor.cs(200,57): warning CS8602: Dereference of a possibly null reference. [E:\main-service-dotnet\main-service.csproj]
E:\main-service-dotnet\Services\DocxExtraction\ParagraphFormatExtractor.cs(202,56): warning CS8602: Dereference of a possibly null reference. [E:\main-service-dotnet\main-service.csproj]
E:\main-service-dotnet\Services\DocxExtraction\ParagraphFormatExtractor.cs(218,52): warning CS8602: Dereference of a possibly null reference. [E:\main-service-dotnet\main-service.csproj]
E:\main-service-dotnet\Services\DocxExtraction\ParagraphFormatExtractor.cs(220,53): warning CS8602: Dereference of a possibly null reference. [E:\main-service-dotnet\main-service.csproj]
E:\main-service-dotnet\Services\DocxExtraction\ParagraphFormatExtractor.cs(222,57): warning CS8602: Dereference of a possibly null reference. [E:\main-service-dotnet\main-service.csproj]
E:\main-service-dotnet\Services\DocxExtraction\ParagraphFormatExtractor.cs(224,55): warning CS8602: Dereference of a possibly null reference. [E:\main-service-dotnet\main-service.csproj]
E:\main-service-dotnet\Services\DocxExtraction\ParagraphFormatExtractor.cs(226,53): warning CS8602: Dereference of a possibly null reference. [E:\main-service-dotnet\main-service.csproj]
E:\main-service-dotnet\Services\DocxExtraction\ParagraphFormatExtractor.cs(228,51): warning CS8602: Dereference of a possibly null reference. [E:\main-service-dotnet\main-service.csproj]
E:\main-service-dotnet\Services\DocxExtraction\TableFormatExtractor.cs(54,34): warning CS8602: Dereference of a possibly null reference. [E:\main-service-dotnet\main-service.csproj]

Build FAILED.

E:\main-service-dotnet\Services\DocxExtraction\ParagraphFormatExtractor.cs(198,58): warning CS8602: Dereference of a possibly null reference. [E:\main-service-dotnet\main-service.csproj]
E:\main-service-dotnet\Services\DocxExtraction\ParagraphFormatExtractor.cs(200,57): warning CS8602: Dereference of a possibly null reference. [E:\main-service-dotnet\main-service.csproj]
E:\main-service-dotnet\Services\DocxExtraction\ParagraphFormatExtractor.cs(202,56): warning CS8602: Dereference of a possibly null reference. [E:\main-service-dotnet\main-service.csproj]
E:\main-service-dotnet\Services\DocxExtraction\ParagraphFormatExtractor.cs(218,52): warning CS8602: Dereference of a possibly null reference. [E:\main-service-dotnet\main-service.csproj]
E:\main-service-dotnet\Services\DocxExtraction\ParagraphFormatExtractor.cs(220,53): warning CS8602: Dereference of a possibly null reference. [E:\main-service-dotnet\main-service.csproj]
E:\main-service-dotnet\Services\DocxExtraction\ParagraphFormatExtractor.cs(222,57): warning CS8602: Dereference of a possibly null reference. [E:\main-service-dotnet\main-service.csproj]
E:\main-service-dotnet\Services\DocxExtraction\ParagraphFormatExtractor.cs(224,55): warning CS8602: Dereference of a possibly null reference. [E:\main-service-dotnet\main-service.csproj]
E:\main-service-dotnet\Services\DocxExtraction\ParagraphFormatExtractor.cs(226,53): warning CS8602: Dereference of a possibly null reference. [E:\main-service-dotnet\main-service.csproj]
E:\main-service-dotnet\Services\DocxExtraction\ParagraphFormatExtractor.cs(228,51): warning CS8602: Dereference of a possibly null reference. [E:\main-service-dotnet\main-service.csproj]
E:\main-service-dotnet\Services\DocxExtraction\TableFormatExtractor.cs(54,34): warning CS8602: Dereference of a possibly null reference. [E:\main-service-dotnet\main-service.csproj]
E:\main-service-dotnet\Services\DocxExtraction\TableStyleResolver.cs(224,36): error CS0029: Cannot implicitly convert type 'DocumentFormat.OpenXml.Wordprocessing.StyleTableProperties' to 'DocumentFormat.OpenXml.Wordprocessing.TableProperties' [E:\main-service-dotnet\main-service.csproj]
E:\main-service-dotnet\Services\DocxExtraction\TableStyleResolver.cs(226,35): error CS0029: Cannot implicitly convert type 'DocumentFormat.OpenXml.Wordprocessing.StyleTableCellProperties' to 'DocumentFormat.OpenXml.Wordprocessing.TableCellProperties' [E:\main-service-dotnet\main-service.csproj]
E:\main-service-dotnet\Services\DocxExtraction\TableStyleResolver.cs(237,25): error CS0029: Cannot implicitly convert type 'DocumentFormat.OpenXml.Wordprocessing.StyleTableProperties' to 'DocumentFormat.OpenXml.Wordprocessing.TableProperties' [E:\main-service-dotnet\main-service.csproj]
E:\main-service-dotnet\Services\DocxExtraction\TableStyleResolver.cs(239,24): error CS0029: Cannot implicitly convert type 'DocumentFormat.OpenXml.Wordprocessing.StyleTableCellProperties' to 'DocumentFormat.OpenXml.Wordprocessing.TableCellProperties' [E:\main-service-dotnet\main-service.csproj]
    10 Warning(s)
    4 Error(s)

Time Elapsed 00:00:01.85
