  Determining projects to restore...
  All projects are up-to-date for restore.
  main-service -> E:\main-service-dotnet\bin\Debug\net9.0\main-service.dll
C:\Program Files\dotnet\sdk\9.0.304\Microsoft.Common.CurrentVersion.targets(2433,5): warning MSB3277: Found conflicts between different versions of "Microsoft.EntityFrameworkCore.Relational" that could not be resolved. [E:\main-service-dotnet\Tests\Tests.csproj]
C:\Program Files\dotnet\sdk\9.0.304\Microsoft.Common.CurrentVersion.targets(2433,5): warning MSB3277: There was a conflict between "Microsoft.EntityFrameworkCore.Relational, Version=9.0.0.0, Culture=neutral, PublicKeyToken=adb9793829ddae60" and "Microsoft.EntityFrameworkCore.Relational, Version=9.0.10.0, Culture=neutral, PublicKeyToken=adb9793829ddae60". [E:\main-service-dotnet\Tests\Tests.csproj]
C:\Program Files\dotnet\sdk\9.0.304\Microsoft.Common.CurrentVersion.targets(2433,5): warning MSB3277:     "Microsoft.EntityFrameworkCore.Relational, Version=9.0.0.0, Culture=neutral, PublicKeyToken=adb9793829ddae60" was chosen because it was primary and "Microsoft.EntityFrameworkCore.Relational, Version=9.0.10.0, Culture=neutral, PublicKeyToken=adb9793829ddae60" was not. [E:\main-service-dotnet\Tests\Tests.csproj]
C:\Program Files\dotnet\sdk\9.0.304\Microsoft.Common.CurrentVersion.targets(2433,5): warning MSB3277:     References which depend on "Microsoft.EntityFrameworkCore.Relational, Version=9.0.0.0, Culture=neutral, PublicKeyToken=adb9793829ddae60" [C:\Users\User\.nuget\packages\microsoft.entityframeworkcore.relational\9.0.0\lib\net8.0\Microsoft.EntityFrameworkCore.Relational.dll]. [E:\main-service-dotnet\Tests\Tests.csproj]
C:\Program Files\dotnet\sdk\9.0.304\Microsoft.Common.CurrentVersion.targets(2433,5): warning MSB3277:         C:\Users\User\.nuget\packages\microsoft.entityframeworkcore.relational\9.0.0\lib\net8.0\Microsoft.EntityFrameworkCore.Relational.dll [E:\main-service-dotnet\Tests\Tests.csproj]
C:\Program Files\dotnet\sdk\9.0.304\Microsoft.Common.CurrentVersion.targets(2433,5): warning MSB3277:           Project file item includes which caused reference "C:\Users\User\.nuget\packages\microsoft.entityframeworkcore.relational\9.0.0\lib\net8.0\Microsoft.EntityFrameworkCore.Relational.dll". [E:\main-service-dotnet\Tests\Tests.csproj]
C:\Program Files\dotnet\sdk\9.0.304\Microsoft.Common.CurrentVersion.targets(2433,5): warning MSB3277:             C:\Users\User\.nuget\packages\microsoft.entityframeworkcore.relational\9.0.0\lib\net8.0\Microsoft.EntityFrameworkCore.Relational.dll [E:\main-service-dotnet\Tests\Tests.csproj]
C:\Program Files\dotnet\sdk\9.0.304\Microsoft.Common.CurrentVersion.targets(2433,5): warning MSB3277:     References which depend on or have been unified to "Microsoft.EntityFrameworkCore.Relational, Version=9.0.10.0, Culture=neutral, PublicKeyToken=adb9793829ddae60" []. [E:\main-service-dotnet\Tests\Tests.csproj]
C:\Program Files\dotnet\sdk\9.0.304\Microsoft.Common.CurrentVersion.targets(2433,5): warning MSB3277:         E:\main-service-dotnet\bin\Debug\net9.0\main-service.dll [E:\main-service-dotnet\Tests\Tests.csproj]
C:\Program Files\dotnet\sdk\9.0.304\Microsoft.Common.CurrentVersion.targets(2433,5): warning MSB3277:           Project file item includes which caused reference "E:\main-service-dotnet\bin\Debug\net9.0\main-service.dll". [E:\main-service-dotnet\Tests\Tests.csproj]
C:\Program Files\dotnet\sdk\9.0.304\Microsoft.Common.CurrentVersion.targets(2433,5): warning MSB3277:             E:\main-service-dotnet\bin\Debug\net9.0\main-service.dll [E:\main-service-dotnet\Tests\Tests.csproj]
  Tests -> E:\main-service-dotnet\Tests\bin\Debug\net9.0\Tests.dll
Test run for E:\main-service-dotnet\Tests\bin\Debug\net9.0\Tests.dll (.NETCoreApp,Version=v9.0)
VSTest version 17.14.1 (x64)

Starting test execution, please wait...
A total of 1 test files matched the specified pattern.
dotnet : [xUnit.net 
00:00:03.68]     Test
s.DocxExtractionServi
ceTests.ExtractDocxTo
Database_Should_Extra
ct_Correctly [FAIL]
At line:1 char:1
+ dotnet test 
Tests/Tests.csproj 
--filter "DocxExtract
ionServiceTests"  ...
+ ~~~~~~~~~~~~~~~~~~~
~~~~~~~~~~~~~~~~~~~~~
~~~~~~~~~~~~~~~~~~~~~
~~~~~~~~
    + CategoryInfo   
           : NotSpe  
  cified: ([xUnit.   
 net 00:0...orrec    
tly [FAIL]:Strin    
g) [], RemoteExc    
eption
    + FullyQualified 
   ErrorId : Native  
  CommandError
 
  Failed Tests.DocxExtractionServiceTests.ExtractDocxToDatabase_Should_Extract_Correctly [3 s]
  Error Message:
   Assert.Equal() Failure: Values differ
Expected: 269
Actual:   515
  Stack Trace:
     at Tests.DocxExtractionServiceTests.ExtractDocxToDatabase_Should_Extract_Correctly() in E:\main-service-dotnet\Tests\DocxExtractionServiceTests.cs:line 81
--- End of stack trace from previous location ---

Failed!  - Failed:     1, Passed:     0, Skipped:     0, Total:     1, Duration: 3 s - Tests.dll (net9.0)
